C51 COMPILER V9.01   TEST4                                                                 11/26/2016 15:19:46 PAGE 1   


C51 COMPILER V9.01, COMPILATION OF MODULE TEST4
OBJECT MODULE PLACED IN test4.OBJ
COMPILER INVOKED BY: E:\Keil\C51\BIN\C51.EXE test4.c BROWSE DEBUG OBJECTEXTEND

line level    source

   1          #include<reg51.h>
   2          #define uchar unsigned char
   3          sbit speaker=P1^0;
   4          sbit sw1=P1^2;
   5          sbit sw2=P1^3;
   6          sbit sw3=P1^4;
   7          sbit sw4=P1^5;
   8          uchar T_Mod=0x11;
   9          uchar T10msL=0xD8;
  10          uchar T10msH=0xEF;
  11          uchar index;
  12          uchar tint_c;
  13          uchar note_l;
  14          uchar note_h;
  15          uchar ic_tmp=0;
  16          uchar temp=0;
  17          code uchar musicfreqh[]={
  18                  0xF2,0xF3,0xF5,0xF5,0xF6,0xF7,0xF8,
  19                  0xF9,0xF9,0xFA,0xFA,0xFB,0xFB,0xFC,0xFC,
  20                  0xFC,0xFD,0xFD,0xFD,0xFD,0xFE,
  21                  0xFE,0xFE,0xFE,0xFE,0xFE,0xFE,0xFE
  22                  };
  23          code uchar musicfreql[]={
  24                  0x42,0xC1,0x17,0xB6,0xD0,0xD1,0xB6,
  25                  0x21,0xE1,0x8C,0xD8,0x68,0xE9,0x5B,0x8F,
  26                  0xEE,0x44,0x6B,0xB4,0xF4,0x2D,
  27                  0x47,0x77,0xA2,0xB6,0xDA,0xFA,0x16};
  28          code uchar musicn_del1[]={50,50,50,50,50,50,50,50,50,50,100,50,50,100,50,50,50,50,100,100,50,50,50,50,100,
             -100,100,100,100,100,100,100};
  29          code uchar musicnotet1[]={7,8,9,7,7,8,9,7,9,10,11,9,10,11,11,12,11,10,9,7,11,12,11,10,9,7,8,4,7,8,4,7,00};
  30          code uchar musicn_del2[]={50,50,100,50,50,100,50,50,50,25,25,50,50,100,50,50,50,25,25,
  31          50,50,100,50,50,100,50,50,100,100,50,50,50,50,100,50,50,50,50,
  32          100,50,50,50,50,50,50,50,50,50,50,50,50,100};
  33          code uchar musicnotet2[]={11,11,11,11,11,11,9,11,12,11,9,8,9,11,11,9,11,9,8,
  34          7,9,8,9,9,8,12,7,8,12,12,11,9,12,11,11,9,8,9,
  35          11,11,9,8,9,11,9,8,9,5,7,8,9,7,00};     
  36          code uchar musicn_del3[]={50,50,50,50,50,50,100,50,50,50,50,100,50,50,50,50,50,50,100,
  37          50,50,50,50,100,50,50,50,50,50,50,100,50,50,50,50,100,
  38          50,50,50,50,50,50,100,50,50,50,50,100};
  39          code uchar musicnotet3[]={11,9,11,9,11,9,7,8,10,9,8,11,11,9,11,9,11,9,7,
  40          8,10,9,8,7,8,8,10,10,9,7,11,8,10,9,8,11,
  41          11,9,11,9,11,9,7,8,10,9,8,7,00}; 
  42          code uchar musicn_del4[]={50,50,50,50,50,50,100,50,50,50,50,100,100,
  43          50,50,50,50,50,50,100,50,50,50,50,100,100,100,
  44          50,50,50,50,50,50,100};
  45          code uchar musicnotet4[]={11,12,11,12,11,12,11,11,14,13,12,11,9,
  46          11,11,9,10,11,11,9,11,11,9,10,11,11,9,
  47          7,10,9,8,7,8,7,00};
  48          void timer_initial(void){
  49   1              TMOD=T_Mod;
  50   1              TL1=T10msL;
  51   1              TH1=T10msH;
  52   1              ET0=1;
  53   1              ET1=1;
  54   1      }
C51 COMPILER V9.01   TEST4                                                                 11/26/2016 15:19:46 PAGE 2   

  55          void Time0(void) interrupt 1 using 1{
  56   1              TR0=0;
  57   1              TL0=note_l;
  58   1              TH0=note_h;
  59   1              speaker=~speaker;
  60   1              TR0=1;
  61   1      }
  62          void Time1(void) interrupt 3 using 2{
  63   1              TR1=0;
  64   1              TL1=T10msL;
  65   1              TH1=T10msH;
  66   1              ic_tmp++;
  67   1              TR1=1;
  68   1      }
  69          void main()
  70          {
  71   1              int mark=1;
  72   1              int keep=1;
  73   1              int t=0;
  74   1              while(1){
  75   2                      index=0;
  76   2                      timer_initial();
  77   2                      if(mark==1){keep=1;t=musicnotet1[index];}
  78   2                      else if(mark==2){keep=2;t=musicnotet2[index];}
  79   2                      else if(mark==3){keep=3;t=musicnotet3[index];}
  80   2                      else if(mark==4){keep=4;t=musicnotet4[index];}
  81   2                      for(index=0;musicnotet3[index]!=0;index++){
  82   3                              if(!sw1){
  83   4                                 mark=1;
  84   4                              }
  85   3                              if(!sw2){
  86   4                                 mark=2;
  87   4                              }
  88   3                              if(!sw3){
  89   4                                 mark=3;
  90   4                              }
  91   3                              if(!sw4){
  92   4                                 mark=4;
  93   4                              }
  94   3                              EA=0;
  95   3                              TR0=0;
  96   3                              TR1=0;
  97   3                              ic_tmp=0;
  98   3                              if(keep==1){
  99   4                                      tint_c=musicn_del1[index];
 100   4                                      temp=musicnotet1[index];
 101   4                                      t=musicnotet1[index];
 102   4                              }
 103   3                              else if(keep==2){
 104   4                                      tint_c=musicn_del2[index];
 105   4                                      temp=musicnotet2[index];
 106   4                                      t=musicnotet2[index];
 107   4                              }
 108   3                              else if(keep==3){
 109   4                                      tint_c=musicn_del3[index];
 110   4                                      temp=musicnotet3[index];
 111   4                                      t=musicnotet3[index];
 112   4                              }
 113   3                              else if(keep==4){
 114   4                                      tint_c=musicn_del4[index];
 115   4                                      temp=musicnotet4[index];
 116   4                                      t=musicnotet4[index];
C51 COMPILER V9.01   TEST4                                                                 11/26/2016 15:19:46 PAGE 3   

 117   4                              }
 118   3                              note_l=musicfreql[temp];
 119   3                              note_h=musicfreqh[temp];
 120   3                              TR0=1;
 121   3                              TR1=1;
 122   3                              EA=1;
 123   3                              while(tint_c!=ic_tmp);
 124   3                      }
 125   2              }
 126   1      }


MODULE INFORMATION:   STATIC OVERLAYABLE
   CODE SIZE        =    309    ----
   CONSTANT SIZE    =    392    ----
   XDATA SIZE       =   ----    ----
   PDATA SIZE       =   ----    ----
   DATA SIZE        =      9       2
   IDATA SIZE       =   ----    ----
   BIT SIZE         =   ----    ----
END OF MODULE INFORMATION.


C51 COMPILATION COMPLETE.  0 WARNING(S),  0 ERROR(S)
