BL51 BANKED LINKER/LOCATER V6.22                                                        11/25/2016  23:58:34  PAGE 1


BL51 BANKED LINKER/LOCATER V6.22, INVOKED BY:
E:\KEIL\C51\BIN\BL51.EXE test2.obj TO test2 RAMSIZE (256)


INPUT MODULES INCLUDED:
  test2.obj (TEST2)


LINK MAP OF MODULE:  test2 (TEST2)


            TYPE    BASE      LENGTH    RELOCATION   SEGMENT NAME
            -----------------------------------------------------

            * * * * * * *   D A T A   M E M O R Y   * * * * * * *
            REG     0000H     0008H     ABSOLUTE     "REG BANK 0"

            * * * * * * *   C O D E   M E M O R Y   * * * * * * *
            CODE    0000H     00B1H     ABSOLUTE     



SYMBOL TABLE OF MODULE:  test2 (TEST2)

  VALUE           TYPE          NAME
  ----------------------------------

  -------         MODULE        TEST2
  D:00E0H         SYMBOL        ACC
  D:00A0H         SYMBOL        A_LAMP
  N:00FFH         SYMBOL        A_RED
  B:0090H.1       SYMBOL        A_Y
  C:0050H         SYMBOL        DELAY
  B:00A8H.7       SYMBOL        EA
  N:0066H         SYMBOL        EW_G
  B:00A8H.0       SYMBOL        EX0
  B:00A8H.2       SYMBOL        EX1
  C:0040H         SYMBOL        INIT
  C:005BH         SYMBOL        INT0_S
  C:0083H         SYMBOL        INT1_S
  B:0088H.0       SYMBOL        IT0
  C:0096H         SYMBOL        K
  N:0028H         SYMBOL        LEN_GR
  N:0008H         SYMBOL        LEN_SP
  C:0054H         SYMBOL        LOOP
  C:0036H         SYMBOL        MLOOP
  D:0090H         SYMBOL        P1
  D:00A0H         SYMBOL        P2
  D:00D0H         SYMBOL        PSW
  B:00B8H.2       SYMBOL        PX1
  B:00D0H.3       SYMBOL        RS0
  B:00D0H.4       SYMBOL        RS1
  D:0081H         SYMBOL        SP
  C:0030H         SYMBOL        START
  C:006EH         SYMBOL        T
  C:0000H         LINE#         8
  C:0003H         LINE#         10
  C:0013H         LINE#         12
BL51 BANKED LINKER/LOCATER V6.22                                                      11/25/2016  23:58:34  PAGE 2


  C:0030H         LINE#         14
  C:0033H         LINE#         15
  C:0036H         LINE#         16
  C:0038H         LINE#         17
  C:003BH         LINE#         18
  C:003EH         LINE#         19
  C:0040H         LINE#         20
  C:0043H         LINE#         21
  C:0045H         LINE#         22
  C:0047H         LINE#         23
  C:0049H         LINE#         24
  C:004BH         LINE#         25
  C:004DH         LINE#         26
  C:004FH         LINE#         27
  C:0050H         LINE#         28
  C:0052H         LINE#         29
  C:0054H         LINE#         30
  C:0056H         LINE#         31
  C:0058H         LINE#         32
  C:005AH         LINE#         33
  C:005BH         LINE#         34
  C:005DH         LINE#         35
  C:005FH         LINE#         36
  C:0061H         LINE#         37
  C:0063H         LINE#         38
  C:0065H         LINE#         39
  C:0067H         LINE#         40
  C:0069H         LINE#         41
  C:006CH         LINE#         42
  C:006EH         LINE#         43
  C:0070H         LINE#         44
  C:0073H         LINE#         45
  C:0076H         LINE#         46
  C:0078H         LINE#         47
  C:007AH         LINE#         48
  C:007CH         LINE#         49
  C:007EH         LINE#         50
  C:0080H         LINE#         51
  C:0082H         LINE#         52
  C:0083H         LINE#         53
  C:0085H         LINE#         54
  C:0087H         LINE#         55
  C:0089H         LINE#         56
  C:008BH         LINE#         57
  C:008DH         LINE#         58
  C:008FH         LINE#         59
  C:0091H         LINE#         60
  C:0094H         LINE#         61
  C:0096H         LINE#         62
  C:0098H         LINE#         63
  C:009AH         LINE#         64
  C:009DH         LINE#         65
  C:009FH         LINE#         66
  C:00A1H         LINE#         67
  C:00A4H         LINE#         68
  C:00A6H         LINE#         69
  C:00A8H         LINE#         70
BL51 BANKED LINKER/LOCATER V6.22                                                      11/25/2016  23:58:34  PAGE 3


  C:00AAH         LINE#         71
  C:00ACH         LINE#         72
  C:00AEH         LINE#         73
  C:00B0H         LINE#         74
  -------         ENDMOD        TEST2

******************************************************************************
* RESTRICTED VERSION WITH 0800H BYTE CODE SIZE LIMIT; USED: 008AH BYTE ( 6%) *
******************************************************************************

Program Size: data=8.0 xdata=0 code=177
LINK/LOCATE RUN COMPLETE.  0 WARNING(S),  0 ERROR(S)
