BL51 BANKED LINKER/LOCATER V6.22                                                        12/23/2016  17:09:45  PAGE 1


BL51 BANKED LINKER/LOCATER V6.22, INVOKED BY:
E:\KEIL\C51\BIN\BL51.EXE test2.obj TO test2 RAMSIZE (256)


INPUT MODULES INCLUDED:
  test2.obj (TEST2)


LINK MAP OF MODULE:  test2 (TEST2)


            TYPE    BASE      LENGTH    RELOCATION   SEGMENT NAME
            -----------------------------------------------------

            * * * * * * *   D A T A   M E M O R Y   * * * * * * *
            REG     0000H     0008H     ABSOLUTE     "REG BANK 0"

            * * * * * * *   C O D E   M E M O R Y   * * * * * * *
            CODE    0000H     0134H     ABSOLUTE     



SYMBOL TABLE OF MODULE:  test2 (TEST2)

  VALUE           TYPE          NAME
  ----------------------------------

  -------         MODULE        TEST2
  D:00A0H         SYMBOL        A_LAMP
  N:00FDH         SYMBOL        BPS_I
  D:0070H         SYMBOL        COMM
  C:011DH         SYMBOL        DISP
  B:00A8H.7       SYMBOL        EA
  C:00DCH         SYMBOL        EL
  C:0114H         SYMBOL        ERROR
  B:00A8H.4       SYMBOL        ES
  N:006AH         SYMBOL        E_G_D
  B:0020H.0       SYMBOL        FLAG
  C:00E0H         SYMBOL        INIT
  C:0035H         SYMBOL        LOOP
  C:0033H         SYMBOL        MLOOP
  C:0044H         SYMBOL        N_C1
  C:004EH         SYMBOL        N_C2
  C:0058H         SYMBOL        N_C3
  C:0062H         SYMBOL        N_C4
  C:006CH         SYMBOL        N_C5
  C:0076H         SYMBOL        N_C6
  C:0080H         SYMBOL        N_C7
  C:008AH         SYMBOL        N_C8
  C:0096H         SYMBOL        N_C9
  C:00A0H         SYMBOL        N_CA
  C:00AAH         SYMBOL        N_CB
  C:00B4H         SYMBOL        N_CC
  C:00BEH         SYMBOL        N_CD
  C:00C8H         SYMBOL        N_CE
  C:00D2H         SYMBOL        N_CF
  N:00A9H         SYMBOL        N_G_D
  B:00D0H.0       SYMBOL        P
BL51 BANKED LINKER/LOCATER V6.22                                                      12/23/2016  17:09:45  PAGE 2


  D:00A0H         SYMBOL        P2
  C:0106H         SYMBOL        P_Z
  B:0098H.2       SYMBOL        RB8
  C:00FCH         SYMBOL        RECE
  B:0098H.4       SYMBOL        REN
  B:0098H.0       SYMBOL        RI
  C:0109H         SYMBOL        RIGHT
  C:00F6H         SYMBOL        RS232_S
  D:0099H         SYMBOL        SBUF
  B:0098H.7       SYMBOL        SM0
  B:0098H.6       SYMBOL        SM1
  C:0030H         SYMBOL        START
  N:009AH         SYMBOL        S_G_D
  C:0094H         SYMBOL        T
  B:00B0H.5       SYMBOL        T1
  N:0020H         SYMBOL        T1MOD_W
  D:008DH         SYMBOL        TH1
  B:0098H.1       SYMBOL        TI
  D:008BH         SYMBOL        TL1
  D:0089H         SYMBOL        TMOD
  B:0088H.6       SYMBOL        TR1
  C:0124H         SYMBOL        WTAB
  N:00A6H         SYMBOL        W_G_D
  C:0000H         LINE#         14
  C:0023H         LINE#         16
  C:0030H         LINE#         18
  C:0033H         LINE#         19
  C:0035H         LINE#         20
  C:0038H         LINE#         21
  C:003AH         LINE#         22
  C:003DH         LINE#         23
  C:003FH         LINE#         24
  C:0042H         LINE#         25
  C:0044H         LINE#         26
  C:0047H         LINE#         27
  C:0049H         LINE#         28
  C:004CH         LINE#         29
  C:004EH         LINE#         30
  C:0051H         LINE#         31
  C:0053H         LINE#         32
  C:0056H         LINE#         33
  C:0058H         LINE#         34
  C:005BH         LINE#         35
  C:005DH         LINE#         36
  C:0060H         LINE#         37
  C:0062H         LINE#         38
  C:0065H         LINE#         39
  C:0067H         LINE#         40
  C:006AH         LINE#         41
  C:006CH         LINE#         42
  C:006FH         LINE#         43
  C:0071H         LINE#         44
  C:0074H         LINE#         45
  C:0076H         LINE#         46
  C:0079H         LINE#         47
  C:007BH         LINE#         48
  C:007EH         LINE#         49
BL51 BANKED LINKER/LOCATER V6.22                                                      12/23/2016  17:09:45  PAGE 3


  C:0080H         LINE#         50
  C:0083H         LINE#         51
  C:0085H         LINE#         52
  C:0088H         LINE#         53
  C:008AH         LINE#         54
  C:008DH         LINE#         55
  C:008FH         LINE#         56
  C:0092H         LINE#         57
  C:0094H         LINE#         58
  C:0096H         LINE#         59
  C:0099H         LINE#         60
  C:009BH         LINE#         61
  C:009EH         LINE#         62
  C:00A0H         LINE#         63
  C:00A3H         LINE#         64
  C:00A5H         LINE#         65
  C:00A8H         LINE#         66
  C:00AAH         LINE#         67
  C:00ADH         LINE#         68
  C:00AFH         LINE#         69
  C:00B2H         LINE#         70
  C:00B4H         LINE#         71
  C:00B7H         LINE#         72
  C:00B9H         LINE#         73
  C:00BCH         LINE#         74
  C:00BEH         LINE#         75
  C:00C1H         LINE#         76
  C:00C3H         LINE#         77
  C:00C6H         LINE#         78
  C:00C8H         LINE#         79
  C:00CBH         LINE#         80
  C:00CDH         LINE#         81
  C:00D0H         LINE#         82
  C:00D2H         LINE#         83
  C:00D5H         LINE#         84
  C:00D7H         LINE#         85
  C:00DAH         LINE#         86
  C:00DCH         LINE#         87
  C:00DEH         LINE#         88
  C:00E0H         LINE#         89
  C:00E2H         LINE#         90
  C:00E4H         LINE#         91
  C:00E6H         LINE#         92
  C:00E9H         LINE#         93
  C:00ECH         LINE#         94
  C:00EFH         LINE#         95
  C:00F1H         LINE#         96
  C:00F3H         LINE#         97
  C:00F5H         LINE#         98
  C:00F6H         LINE#         100
  C:00F9H         LINE#         101
  C:00FBH         LINE#         102
  C:00FCH         LINE#         103
  C:00FEH         LINE#         104
  C:0101H         LINE#         105
  C:0104H         LINE#         106
  C:0106H         LINE#         107
BL51 BANKED LINKER/LOCATER V6.22                                                      12/23/2016  17:09:45  PAGE 4


  C:0109H         LINE#         108
  C:010BH         LINE#         109
  C:010DH         LINE#         110
  C:010FH         LINE#         111
  C:0111H         LINE#         112
  C:0113H         LINE#         113
  C:0114H         LINE#         114
  C:0116H         LINE#         115
  C:0118H         LINE#         116
  C:011AH         LINE#         117
  C:011CH         LINE#         118
  C:011DH         LINE#         119
  C:0120H         LINE#         120
  C:0121H         LINE#         121
  C:0123H         LINE#         122
  -------         ENDMOD        TEST2

Program Size: data=8.0 xdata=0 code=308
LINK/LOCATE RUN COMPLETE.  0 WARNING(S),  0 ERROR(S)
