BL51 BANKED LINKER/LOCATER V6.22                                                        12/21/2016  11:57:26  PAGE 1


BL51 BANKED LINKER/LOCATER V6.22, INVOKED BY:
E:\KEIL\C51\BIN\BL51.EXE test1.obj TO test1 RAMSIZE (256)


INPUT MODULES INCLUDED:
  test1.obj (TEST1)


LINK MAP OF MODULE:  test1 (TEST1)


            TYPE    BASE      LENGTH    RELOCATION   SEGMENT NAME
            -----------------------------------------------------

            * * * * * * *   D A T A   M E M O R Y   * * * * * * *
            REG     0000H     0008H     ABSOLUTE     "REG BANK 0"

            * * * * * * *   C O D E   M E M O R Y   * * * * * * *
            CODE    0000H     0061H     ABSOLUTE     



SYMBOL TABLE OF MODULE:  test1 (TEST1)

  VALUE           TYPE          NAME
  ----------------------------------

  -------         MODULE        TEST1
  N:00FDH         SYMBOL        BPS_I
  C:004AH         SYMBOL        INIT
  C:0039H         SYMBOL        LOOP
  C:0033H         SYMBOL        MLOOP
  D:0099H         SYMBOL        SBUF
  B:0098H.7       SYMBOL        SM0
  B:0098H.6       SYMBOL        SM1
  C:0030H         SYMBOL        START
  N:0020H         SYMBOL        T1MOD_W
  C:005AH         SYMBOL        TABLE
  D:008DH         SYMBOL        TH1
  B:0098H.1       SYMBOL        TI
  D:008BH         SYMBOL        TL1
  D:0089H         SYMBOL        TMOD
  B:0088H.6       SYMBOL        TR1
  C:0040H         SYMBOL        WAIT
  C:0000H         LINE#         7
  C:0030H         LINE#         9
  C:0033H         LINE#         10
  C:0035H         LINE#         11
  C:0037H         LINE#         12
  C:0039H         LINE#         13
  C:003AH         LINE#         14
  C:003DH         LINE#         15
  C:003EH         LINE#         16
  C:0040H         LINE#         17
  C:0043H         LINE#         18
  C:0045H         LINE#         19
  C:0046H         LINE#         20
  C:0048H         LINE#         21
BL51 BANKED LINKER/LOCATER V6.22                                                      12/21/2016  11:57:26  PAGE 2


  C:004AH         LINE#         22
  C:004CH         LINE#         23
  C:004EH         LINE#         24
  C:0051H         LINE#         25
  C:0054H         LINE#         26
  C:0057H         LINE#         27
  C:0059H         LINE#         28
  -------         ENDMOD        TEST1

******************************************************************************
* RESTRICTED VERSION WITH 0800H BYTE CODE SIZE LIMIT; USED: 0034H BYTE ( 2%) *
******************************************************************************

Program Size: data=8.0 xdata=0 code=97
LINK/LOCATE RUN COMPLETE.  0 WARNING(S),  0 ERROR(S)
