BL51 BANKED LINKER/LOCATER V6.22                                                        10/31/2016  16:16:02  PAGE 1


BL51 BANKED LINKER/LOCATER V6.22, INVOKED BY:
E:\KEIL\C51\BIN\BL51.EXE ROM.obj TO ROM RAMSIZE (256)


INPUT MODULES INCLUDED:
  ROM.obj (ROM)


LINK MAP OF MODULE:  ROM (ROM)


            TYPE    BASE      LENGTH    RELOCATION   SEGMENT NAME
            -----------------------------------------------------

            * * * * * * *   D A T A   M E M O R Y   * * * * * * *
            REG     0000H     0008H     ABSOLUTE     "REG BANK 0"

            * * * * * * *   C O D E   M E M O R Y   * * * * * * *
            CODE    0000H     0047H     ABSOLUTE     



SYMBOL TABLE OF MODULE:  ROM (ROM)

  VALUE           TYPE          NAME
  ----------------------------------

  -------         MODULE        ROM
  D:00E0H         SYMBOL        ACC
  C:003EH         SYMBOL        F
  C:0037H         SYMBOL        LOOP
  C:0030H         SYMBOL        START
  C:0000H         LINE#         2
  C:0030H         LINE#         5
  C:0032H         LINE#         6
  C:0034H         LINE#         7
  C:0037H         LINE#         9
  C:0039H         LINE#         10
  C:003AH         LINE#         11
  C:003DH         LINE#         12
  C:003EH         LINE#         14
  C:0040H         LINE#         15
  C:0043H         LINE#         16
  C:0045H         LINE#         17
  -------         ENDMOD        ROM

******************************************************************************
* RESTRICTED VERSION WITH 0800H BYTE CODE SIZE LIMIT; USED: 001AH BYTE ( 1%) *
******************************************************************************

Program Size: data=8.0 xdata=0 code=71
LINK/LOCATE RUN COMPLETE.  0 WARNING(S),  0 ERROR(S)
