BL51 BANKED LINKER/LOCATER V6.22                                                        11/19/2016  16:35:20  PAGE 1


BL51 BANKED LINKER/LOCATER V6.22, INVOKED BY:
E:\KEIL\C51\BIN\BL51.EXE test3.obj TO test3 RAMSIZE (256)


INPUT MODULES INCLUDED:
  test3.obj (TEST3)


LINK MAP OF MODULE:  test3 (TEST3)


            TYPE    BASE      LENGTH    RELOCATION   SEGMENT NAME
            -----------------------------------------------------

            * * * * * * *   D A T A   M E M O R Y   * * * * * * *
            REG     0000H     0008H     ABSOLUTE     "REG BANK 0"

            * * * * * * *   C O D E   M E M O R Y   * * * * * * *
            CODE    0000H     0082H     ABSOLUTE     



SYMBOL TABLE OF MODULE:  test3 (TEST3)

  VALUE           TYPE          NAME
  ----------------------------------

  -------         MODULE        TEST3
  D:00E0H         SYMBOL        ACC
  C:0044H         SYMBOL        D
  C:0051H         SYMBOL        DELAY
  B:00A8H.7       SYMBOL        EA
  B:00A8H.0       SYMBOL        EX0
  C:0048H         SYMBOL        INIT
  N:00FEH         SYMBOL        INITL
  C:005CH         SYMBOL        INT0_S
  B:0088H.0       SYMBOL        IT0
  C:0073H         SYMBOL        K
  D:00A0H         SYMBOL        LAMP
  N:0008H         SYMBOL        LEN
  C:0055H         SYMBOL        LOOP
  N:0000H         SYMBOL        MARK
  C:0036H         SYMBOL        MLOOP
  C:0075H         SYMBOL        O
  D:00A0H         SYMBOL        P2
  D:00D0H         SYMBOL        PSW
  B:00D0H.3       SYMBOL        RS0
  B:00D0H.4       SYMBOL        RS1
  C:0030H         SYMBOL        START
  C:0043H         SYMBOL        T
  C:0000H         LINE#         6
  C:0030H         LINE#         8
  C:0033H         LINE#         9
  C:0036H         LINE#         10
  C:0038H         LINE#         11
  C:003BH         LINE#         12
  C:003DH         LINE#         13
  C:0040H         LINE#         14
BL51 BANKED LINKER/LOCATER V6.22                                                      11/19/2016  16:35:20  PAGE 2


  C:0041H         LINE#         15
  C:0043H         LINE#         17
  C:0044H         LINE#         18
  C:0046H         LINE#         19
  C:0048H         LINE#         21
  C:004AH         LINE#         22
  C:004CH         LINE#         23
  C:004EH         LINE#         24
  C:0050H         LINE#         25
  C:0051H         LINE#         26
  C:0053H         LINE#         27
  C:0055H         LINE#         28
  C:0057H         LINE#         29
  C:0059H         LINE#         30
  C:005BH         LINE#         31
  C:005CH         LINE#         32
  C:005EH         LINE#         33
  C:0060H         LINE#         34
  C:0062H         LINE#         35
  C:0064H         LINE#         36
  C:0066H         LINE#         37
  C:0068H         LINE#         38
  C:006AH         LINE#         39
  C:006CH         LINE#         40
  C:006FH         LINE#         41
  C:0071H         LINE#         42
  C:0073H         LINE#         43
  C:0075H         LINE#         44
  C:0077H         LINE#         45
  C:0079H         LINE#         46
  C:007BH         LINE#         47
  C:007DH         LINE#         48
  C:007FH         LINE#         49
  C:0081H         LINE#         50
  -------         ENDMOD        TEST3

******************************************************************************
* RESTRICTED VERSION WITH 0800H BYTE CODE SIZE LIMIT; USED: 0055H BYTE ( 4%) *
******************************************************************************

Program Size: data=8.0 xdata=0 code=130
LINK/LOCATE RUN COMPLETE.  0 WARNING(S),  0 ERROR(S)
