BL51 BANKED LINKER/LOCATER V6.22                                                        10/31/2016  16:24:05  PAGE 1


BL51 BANKED LINKER/LOCATER V6.22, INVOKED BY:
E:\KEIL\C51\BIN\BL51.EXE bit.obj TO bit RAMSIZE (256)


INPUT MODULES INCLUDED:
  bit.obj (BIT)


LINK MAP OF MODULE:  bit (BIT)


            TYPE    BASE      LENGTH    RELOCATION   SEGMENT NAME
            -----------------------------------------------------

            * * * * * * *   D A T A   M E M O R Y   * * * * * * *
            REG     0000H     0008H     ABSOLUTE     "REG BANK 0"

            * * * * * * *   C O D E   M E M O R Y   * * * * * * *
            CODE    0000H     0050H     ABSOLUTE     



SYMBOL TABLE OF MODULE:  bit (BIT)

  VALUE           TYPE          NAME
  ----------------------------------

  -------         MODULE        BIT
  C:0041H         SYMBOL        D
  C:0042H         SYMBOL        F
  C:004DH         SYMBOL        G
  C:0036H         SYMBOL        LOOP
  C:0030H         SYMBOL        START
  C:0000H         LINE#         2
  C:0030H         LINE#         5
  C:0032H         LINE#         6
  C:0034H         LINE#         7
  C:0036H         LINE#         9
  C:0038H         LINE#         10
  C:0039H         LINE#         11
  C:003AH         LINE#         12
  C:003DH         LINE#         13
  C:003FH         LINE#         14
  C:0041H         LINE#         16
  C:0042H         LINE#         18
  C:0043H         LINE#         19
  C:0044H         LINE#         20
  C:0045H         LINE#         21
  C:0047H         LINE#         22
  C:0048H         LINE#         23
  C:0049H         LINE#         24
  C:004BH         LINE#         25
  C:004DH         LINE#         27
  C:004EH         LINE#         28
  -------         ENDMOD        BIT

******************************************************************************
* RESTRICTED VERSION WITH 0800H BYTE CODE SIZE LIMIT; USED: 0023H BYTE ( 1%) *
BL51 BANKED LINKER/LOCATER V6.22                                                      10/31/2016  16:24:05  PAGE 2


******************************************************************************

Program Size: data=8.0 xdata=0 code=80
LINK/LOCATE RUN COMPLETE.  0 WARNING(S),  0 ERROR(S)
